0161:[13,00]
0162:[-32,00]
0163:[3,00]
0164:[48,00]
0165:[40,00]
0166:[-320,00]
0167:[1,60]
0168:[-0,20]
0169:[3,00]
0170:[8,00]
0171:[0,00]
0172:[0,00]
0173:[0,00]
0174:[0,00]
0175:[1,00]
0176:[1,00]
0177:[1,00]
0178:[1,00]
0179:[0,00]
0180:[0,00]
0181:[0,00]
0182:[0,00]
0183:[1,00]
0184:[1,00]
0185:[1,00]
0186:[1,00]
0187:[1,00]
0188:[1,00]
0189:[1,00]
0190:[1,00]
0191:[85,00]
