<html><body>
&lt;html&gt;&lt;b&gt;Hello world&lt;/b&gt;&lt;/html&gt;
</body></html>

&lt; &gt; &#039; &quot; &amp;
